phase offsets 4276 1174 0
seeded to 563 pos -847 925 phase 2
t=564 n=6 buckets=6 bestD=167 pos=(-843,917) v=(4.0,-7.8) mode=control phase=2 lead=0 0s
t=566 n=51 buckets=51 bestD=90 pos=(-837,910) v=(7.5,2.9) mode=control phase=2 lead=0 0s
t=568 n=142 buckets=231 bestD=90 pos=(-823,923) v=(7.5,6.4) mode=control phase=2 lead=0 1s
t=570 n=164 buckets=306 bestD=88 pos=(-808,935) v=(7.5,5.8) mode=control phase=2 lead=0 2s
t=572 n=157 buckets=240 bestD=86 pos=(-793,946) v=(7.5,5.3) mode=control phase=2 lead=0 4s
t=574 n=157 buckets=228 bestD=83 pos=(-778,956) v=(7.5,4.7) mode=control phase=2 lead=0 5s
t=576 n=269 buckets=339 bestD=81 pos=(-763,964) v=(7.5,4.2) mode=control phase=2 lead=0 7s
t=578 n=243 buckets=486 bestD=79 pos=(-748,972) v=(7.5,3.6) mode=control phase=2 lead=0 9s
t=580 n=255 buckets=411 bestD=77 pos=(-733,978) v=(7.5,3.1) mode=control phase=2 lead=0 11s
t=582 n=305 buckets=459 bestD=75 pos=(-718,984) v=(7.5,2.5) mode=control phase=2 lead=0 13s
t=584 n=348 buckets=474 bestD=73 pos=(-703,988) v=(7.5,1.9) mode=control phase=2 lead=0 16s
t=586 n=548 buckets=633 bestD=71 pos=(-688,991) v=(7.5,1.4) mode=control phase=2 lead=0 19s
t=588 n=424 buckets=762 bestD=69 pos=(-673,993) v=(7.5,0.8) mode=control phase=2 lead=0 23s
t=590 n=426 buckets=663 bestD=67 pos=(-659,994) v=(7.5,0.3) mode=control phase=2 lead=0 26s
t=592 n=531 buckets=738 bestD=65 pos=(-644,993) v=(7.5,-0.3) mode=control phase=2 lead=0 30s
t=594 n=602 buckets=1002 bestD=63 pos=(-629,992) v=(7.5,-0.8) mode=control phase=2 lead=0 35s
t=596 n=590 buckets=978 bestD=61 pos=(-614,989) v=(7.5,-1.4) mode=control phase=2 lead=0 40s
t=598 n=624 buckets=921 bestD=59 pos=(-599,986) v=(7.5,-1.9) mode=control phase=2 lead=0 45s
t=600 n=553 buckets=981 bestD=57 pos=(-584,981) v=(7.5,-2.5) mode=control phase=2 lead=0 51s
t=602 n=562 buckets=738 bestD=55 pos=(-569,975) v=(7.5,-3.1) mode=control phase=2 lead=0 55s
t=604 n=633 buckets=1077 bestD=53 pos=(-554,968) v=(7.5,-3.6) mode=control phase=2 lead=0 60s
t=606 n=800 buckets=1626 bestD=51 pos=(-539,960) v=(7.5,-4.2) mode=control phase=2 lead=0 66s
t=608 n=800 buckets=1908 bestD=50 pos=(-524,951) v=(7.5,-4.7) mode=control phase=2 lead=0 74s
t=610 n=800 buckets=1731 bestD=48 pos=(-509,941) v=(7.5,-5.3) mode=control phase=2 lead=0 81s
t=612 n=800 buckets=1833 bestD=52 pos=(-507,932) v=(6.7,-5.8) mode=control phase=2 lead=0 90s
t=614 n=800 buckets=1851 bestD=53 pos=(-512,919) v=(6.8,-6.4) mode=control phase=2 lead=0 99s
t=616 n=800 buckets=1686 bestD=55 pos=(-508,903) v=(6.5,-6.9) mode=control phase=2 lead=0 106s
t=618 n=766 buckets=1602 bestD=54 pos=(-510,1013) v=(6.3,-1.7) mode=control phase=2 lead=0 114s
t=620 n=800 buckets=1812 bestD=50 pos=(-498,1009) v=(6.3,3.8) mode=control phase=2 lead=0 121s
t=622 n=800 buckets=1827 bestD=41 pos=(-491,915) v=(8.0,0.1) mode=control phase=2 lead=0 129s
t=624 n=800 buckets=1761 bestD=41 pos=(-475,915) v=(8.0,-0.1) mode=control phase=2 lead=0 136s
t=626 n=800 buckets=1836 bestD=39 pos=(-459,941) v=(8.0,5.8) mode=control phase=2 lead=0 143s
t=628 n=800 buckets=1683 bestD=36 pos=(-443,952) v=(8.0,5.3) mode=control phase=2 lead=0 150s
t=630 n=800 buckets=1680 bestD=34 pos=(-427,962) v=(8.0,4.7) mode=control phase=2 lead=0 158s
t=632 n=800 buckets=1611 bestD=32 pos=(-411,970) v=(8.0,4.2) mode=control phase=2 lead=0 165s
t=634 n=775 buckets=1452 bestD=31 pos=(-395,978) v=(8.0,3.6) mode=control phase=2 lead=0 172s
t=636 n=800 buckets=1497 bestD=30 pos=(-380,984) v=(7.5,3.1) mode=control phase=2 lead=0 179s
t=638 n=800 buckets=1557 bestD=29 pos=(-365,990) v=(7.5,2.5) mode=control phase=2 lead=0 186s
t=640 n=800 buckets=1707 bestD=28 pos=(-351,994) v=(7.0,1.9) mode=control phase=2 lead=0 194s
t=642 n=800 buckets=1749 bestD=27 pos=(-360,1089) v=(6.3,4.2) mode=control phase=2 lead=0 201s
t=644 n=800 buckets=1962 bestD=25 pos=(-347,1097) v=(6.3,3.6) mode=control phase=2 lead=0 208s
t=646 n=800 buckets=1686 bestD=23 pos=(-334,1103) v=(6.3,3.1) mode=control phase=2 lead=0 216s
t=648 n=800 buckets=1758 bestD=20 pos=(-322,1112) v=(6.3,3.1) mode=control phase=2 lead=0 223s
t=650 n=800 buckets=1938 bestD=18 pos=(-309,1117) v=(6.3,2.5) mode=control phase=2 lead=0 231s
t=652 n=800 buckets=1878 bestD=16 pos=(-296,1122) v=(6.3,1.9) mode=control phase=2 lead=0 239s
t=654 n=800 buckets=1668 bestD=14 pos=(-284,1125) v=(6.3,1.4) mode=control phase=2 lead=0 246s
t=656 n=800 buckets=1710 bestD=12 pos=(-271,1127) v=(6.3,0.8) mode=control phase=2 lead=0 254s
t=658 n=800 buckets=1650 bestD=10 pos=(-259,1127) v=(6.3,0.3) mode=control phase=2 lead=0 261s
t=660 n=800 buckets=1680 bestD=8 pos=(-246,1127) v=(6.3,-0.3) mode=control phase=2 lead=0 268s
t=662 n=800 buckets=1737 bestD=6 pos=(-233,1126) v=(6.3,-0.8) mode=control phase=2 lead=0 276s
t=664 n=800 buckets=1713 bestD=5 pos=(-221,1111) v=(5.8,-1.9) mode=control phase=2 lead=0 283s
t=666 n=800 buckets=1356 bestD=4 pos=(-208,1146) v=(6.3,5.6) mode=control phase=2 lead=0 290s
t=668 n=800 buckets=1545 bestD=2 pos=(-195,1143) v=(6.3,-1.7) mode=control phase=2 lead=0 298s
t=670 n=800 buckets=1458 bestD=-1 pos=(-188,1139) v=(5.3,-0.2) mode=control phase=2 lead=0 306s
DONE finish= 670
