phase offsets 4276 1174 0
seeded to 563 pos -847 925 phase 2
t=564 n=6 buckets=6 bestD=170 pos=(-843,917) v=(4.0,-7.8) mode=control phase=2 lead=0 0s
t=566 n=51 buckets=51 bestD=93 pos=(-837,910) v=(7.5,2.9) mode=control phase=2 lead=0 0s
t=568 n=142 buckets=231 bestD=94 pos=(-823,923) v=(7.5,6.4) mode=control phase=2 lead=0 1s
t=570 n=164 buckets=312 bestD=92 pos=(-808,935) v=(7.5,5.8) mode=control phase=2 lead=0 3s
t=572 n=157 buckets=240 bestD=90 pos=(-793,946) v=(7.5,5.3) mode=control phase=2 lead=0 4s
t=574 n=157 buckets=228 bestD=87 pos=(-778,956) v=(7.5,4.7) mode=control phase=2 lead=0 5s
t=576 n=269 buckets=339 bestD=85 pos=(-763,964) v=(7.5,4.2) mode=control phase=2 lead=0 7s
t=578 n=243 buckets=483 bestD=83 pos=(-748,972) v=(7.5,3.6) mode=control phase=2 lead=0 9s
t=580 n=255 buckets=411 bestD=80 pos=(-733,978) v=(7.5,3.1) mode=control phase=2 lead=0 11s
t=582 n=305 buckets=459 bestD=78 pos=(-718,984) v=(7.5,2.5) mode=control phase=2 lead=0 14s
t=584 n=348 buckets=480 bestD=76 pos=(-703,988) v=(7.5,1.9) mode=control phase=2 lead=0 17s
t=586 n=548 buckets=633 bestD=74 pos=(-688,991) v=(7.5,1.4) mode=control phase=2 lead=0 20s
t=588 n=427 buckets=762 bestD=72 pos=(-673,993) v=(7.5,0.8) mode=control phase=2 lead=0 25s
t=590 n=426 buckets=663 bestD=70 pos=(-659,994) v=(7.5,0.3) mode=control phase=2 lead=0 28s
t=592 n=531 buckets=738 bestD=68 pos=(-644,993) v=(7.5,-0.3) mode=control phase=2 lead=0 32s
t=594 n=599 buckets=1008 bestD=66 pos=(-629,992) v=(7.5,-0.8) mode=control phase=2 lead=0 37s
t=596 n=590 buckets=978 bestD=64 pos=(-614,989) v=(7.5,-1.4) mode=control phase=2 lead=0 43s
t=598 n=630 buckets=921 bestD=62 pos=(-599,986) v=(7.5,-1.9) mode=control phase=2 lead=0 48s
t=600 n=553 buckets=981 bestD=60 pos=(-584,981) v=(7.5,-2.5) mode=control phase=2 lead=0 53s
t=602 n=548 buckets=723 bestD=58 pos=(-569,975) v=(7.5,-3.1) mode=control phase=2 lead=0 58s
t=604 n=644 buckets=1074 bestD=57 pos=(-554,968) v=(7.5,-3.6) mode=control phase=2 lead=0 62s
t=606 n=838 buckets=1686 bestD=55 pos=(-539,960) v=(7.5,-4.2) mode=control phase=2 lead=0 69s
t=608 n=957 buckets=2124 bestD=53 pos=(-524,951) v=(7.5,-4.7) mode=control phase=2 lead=0 77s
t=610 n=1100 buckets=2301 bestD=52 pos=(-509,941) v=(7.5,-5.3) mode=control phase=2 lead=0 87s
t=612 n=1134 buckets=2991 bestD=56 pos=(-507,932) v=(6.7,-5.8) mode=control phase=2 lead=0 100s
t=614 n=1200 buckets=2925 bestD=57 pos=(-512,919) v=(6.8,-6.4) mode=control phase=2 lead=0 113s
t=616 n=1200 buckets=2646 bestD=59 pos=(-523,1016) v=(6.3,-1.4) mode=control phase=2 lead=0 126s
t=618 n=1200 buckets=2541 bestD=57 pos=(-510,1013) v=(6.3,-1.7) mode=control phase=2 lead=0 137s
t=620 n=1200 buckets=2631 bestD=51 pos=(-498,1009) v=(6.3,3.8) mode=control phase=2 lead=0 148s
t=622 n=1200 buckets=2574 bestD=44 pos=(-491,915) v=(8.0,0.1) mode=control phase=2 lead=0 160s
t=624 n=1200 buckets=2622 bestD=42 pos=(-475,915) v=(8.0,-0.1) mode=control phase=2 lead=0 172s
t=626 n=1200 buckets=2769 bestD=40 pos=(-459,915) v=(8.0,-0.5) mode=control phase=2 lead=0 183s
t=628 n=1200 buckets=2712 bestD=38 pos=(-443,913) v=(8.0,-1.1) mode=control phase=2 lead=0 194s
t=630 n=1200 buckets=2541 bestD=38 pos=(-427,962) v=(8.0,4.7) mode=control phase=2 lead=0 206s
t=632 n=1200 buckets=2526 bestD=35 pos=(-411,970) v=(8.0,4.2) mode=control phase=2 lead=0 216s
t=634 n=1200 buckets=2472 bestD=33 pos=(-395,978) v=(8.0,3.6) mode=control phase=2 lead=0 228s
t=636 n=1200 buckets=2418 bestD=31 pos=(-379,984) v=(8.0,3.1) mode=control phase=2 lead=0 239s
t=638 n=1200 buckets=2625 bestD=29 pos=(-363,990) v=(8.0,2.5) mode=control phase=2 lead=0 251s
t=640 n=1200 buckets=2436 bestD=27 pos=(-347,994) v=(8.0,1.9) mode=control phase=2 lead=0 263s
t=642 n=1200 buckets=2439 bestD=26 pos=(-360,1089) v=(6.3,4.2) mode=control phase=2 lead=0 274s
t=644 n=1200 buckets=2592 bestD=24 pos=(-347,1097) v=(6.3,3.6) mode=control phase=2 lead=0 285s
t=646 n=1200 buckets=2553 bestD=21 pos=(-334,1106) v=(6.3,3.6) mode=control phase=2 lead=0 296s
t=648 n=1200 buckets=2355 bestD=19 pos=(-322,1112) v=(6.3,3.1) mode=control phase=2 lead=0 307s
t=650 n=1200 buckets=2544 bestD=17 pos=(-309,1117) v=(6.3,2.5) mode=control phase=2 lead=0 319s
t=652 n=1200 buckets=2775 bestD=15 pos=(-296,1122) v=(6.3,1.9) mode=control phase=2 lead=0 330s
t=654 n=1200 buckets=2547 bestD=13 pos=(-284,1125) v=(6.3,1.4) mode=control phase=2 lead=0 341s
t=656 n=1186 buckets=2481 bestD=11 pos=(-271,1127) v=(6.3,0.8) mode=control phase=2 lead=0 352s
t=658 n=1200 buckets=2706 bestD=9 pos=(-259,1127) v=(6.3,0.3) mode=control phase=2 lead=0 363s
t=660 n=1200 buckets=2610 bestD=7 pos=(-246,1127) v=(6.3,-0.3) mode=control phase=2 lead=0 375s
t=662 n=1200 buckets=2649 bestD=5 pos=(-233,1126) v=(6.3,-0.8) mode=control phase=2 lead=0 386s
t=664 n=1200 buckets=2529 bestD=4 pos=(-221,1111) v=(5.8,-1.9) mode=control phase=2 lead=0 398s
t=666 n=1200 buckets=2280 bestD=4 pos=(-208,1146) v=(6.3,-1.1) mode=control phase=2 lead=0 409s
t=668 n=1200 buckets=2409 bestD=2 pos=(-195,1143) v=(6.3,-1.7) mode=control phase=2 lead=0 420s
DONE finish= null
