phase offsets 4276 1174 0
seeded to 540 pos -941 1067 phase 2
t=542 n=6 buckets=6 bestD=100025 pos=(-933,1067) v=(3.5,-0.0) mode=control phase=2 lead=0 0s
t=544 n=15 buckets=15 bestD=100010 pos=(-927,1066) v=(3.0,-0.6) mode=control phase=2 lead=0 0s
t=546 n=27 buckets=27 bestD=100010 pos=(-922,1064) v=(3.0,-1.1) mode=control phase=2 lead=0 0s
t=548 n=42 buckets=60 bestD=100008 pos=(-917,1061) v=(3.0,-1.7) mode=control phase=2 lead=0 1s
t=550 n=42 buckets=72 bestD=100005 pos=(-914,1057) v=(3.0,-2.2) mode=control phase=2 lead=0 1s
t=552 n=41 buckets=69 bestD=100005 pos=(-908,1052) v=(3.0,-2.8) mode=control phase=2 lead=0 1s
t=554 n=62 buckets=75 bestD=100005 pos=(-902,1045) v=(3.0,-3.3) mode=control phase=2 lead=0 2s
t=556 n=61 buckets=105 bestD=100005 pos=(-896,1038) v=(3.0,-3.9) mode=control phase=2 lead=0 3s
t=558 n=50 buckets=96 bestD=100005 pos=(-890,1029) v=(3.0,-4.4) mode=control phase=2 lead=0 3s
t=560 n=50 buckets=90 bestD=100005 pos=(-884,1019) v=(3.0,-5.0) mode=control phase=2 lead=0 3s
t=562 n=65 buckets=96 bestD=100005 pos=(-878,1009) v=(3.0,-5.6) mode=control phase=2 lead=0 4s
t=564 n=81 buckets=126 bestD=100005 pos=(-872,997) v=(3.0,-6.1) mode=control phase=2 lead=0 4s
t=566 n=109 buckets=132 bestD=100005 pos=(-866,984) v=(3.0,-6.7) mode=control phase=2 lead=0 5s
t=568 n=120 buckets=165 bestD=100005 pos=(-860,969) v=(3.0,-7.2) mode=control phase=2 lead=0 6s
t=570 n=122 buckets=183 bestD=100004 pos=(-855,954) v=(3.5,-7.8) mode=control phase=2 lead=0 7s
t=572 n=122 buckets=195 bestD=100003 pos=(-847,938) v=(4.0,-8.3) mode=control phase=2 lead=0 8s
t=574 n=122 buckets=186 bestD=100002 pos=(-841,920) v=(4.0,-8.9) mode=control phase=2 lead=0 9s
t=576 n=163 buckets=285 bestD=100014 pos=(-835,919) v=(2.0,6.7) mode=control phase=2 lead=0 10s
t=578 n=195 buckets=486 bestD=100009 pos=(-844,928) v=(2.3,6.4) mode=control phase=2 lead=0 12s
t=580 n=204 buckets=555 bestD=100010 pos=(-845,946) v=(2.3,6.1) mode=control phase=2 lead=0 14s
t=582 n=260 buckets=534 bestD=100010 pos=(-844,961) v=(2.3,5.6) mode=control phase=2 lead=0 16s
t=584 n=231 buckets=528 bestD=100003 pos=(-881,934) v=(3.5,5.3) mode=control phase=2 lead=0 18s
t=586 n=253 buckets=555 bestD=100003 pos=(-874,944) v=(3.5,4.7) mode=control phase=2 lead=0 20s
t=588 n=285 buckets=687 bestD=100003 pos=(-867,952) v=(3.5,4.2) mode=control phase=2 lead=0 23s
t=590 n=398 buckets=546 bestD=100003 pos=(-859,960) v=(3.5,3.6) mode=control phase=2 lead=0 25s
t=592 n=408 buckets=786 bestD=100003 pos=(-852,966) v=(3.5,3.1) mode=control phase=2 lead=0 28s
t=594 n=473 buckets=1029 bestD=100003 pos=(-845,972) v=(3.5,2.5) mode=control phase=2 lead=0 32s
t=596 n=413 buckets=903 bestD=100002 pos=(-877,965) v=(4.0,3.3) mode=control phase=2 lead=0 36s
t=598 n=480 buckets=966 bestD=100002 pos=(-869,971) v=(4.0,2.8) mode=control phase=2 lead=0 40s
t=600 n=500 buckets=1107 bestD=100003 pos=(-861,976) v=(4.0,2.2) mode=control phase=2 lead=0 44s
DONE finish= null
