phase offsets 4276 1174 0
seeded to 498 pos -1091 924 phase 2
t=500 n=9 buckets=9 bestD=100243 pos=(-1086,919) v=(3.0,-2.8) mode=control phase=2 lead=0 0s
t=502 n=61 buckets=84 bestD=100228 pos=(-1078,913) v=(4.0,0.0) mode=control phase=2 lead=0 0s
t=504 n=61 buckets=108 bestD=100037 pos=(-1070,926) v=(4.0,6.4) mode=control phase=2 lead=0 1s
t=506 n=61 buckets=111 bestD=100037 pos=(-1062,938) v=(4.0,5.8) mode=control phase=2 lead=0 2s
t=508 n=100 buckets=126 bestD=100038 pos=(-1054,949) v=(4.0,5.3) mode=control phase=2 lead=0 2s
t=510 n=100 buckets=174 bestD=100004 pos=(-1048,962) v=(4.0,6.4) mode=control phase=2 lead=0 3s
t=512 n=61 buckets=132 bestD=100002 pos=(-1042,974) v=(4.0,5.8) mode=control phase=2 lead=0 4s
t=514 n=61 buckets=120 bestD=100001 pos=(-1034,984) v=(4.0,5.3) mode=control phase=2 lead=0 4s
t=516 n=120 buckets=120 bestD=100001 pos=(-1026,994) v=(4.0,4.7) mode=control phase=2 lead=0 5s
t=518 n=124 buckets=243 bestD=100000 pos=(-1020,1003) v=(4.0,4.2) mode=control phase=2 lead=0 6s
t=520 n=124 buckets=231 bestD=100001 pos=(-1012,1010) v=(4.0,3.6) mode=control phase=2 lead=0 7s
t=522 n=62 buckets=228 bestD=100001 pos=(-1004,1017) v=(4.0,3.1) mode=control phase=2 lead=0 8s
t=524 n=102 buckets=102 bestD=100001 pos=(-994,1022) v=(4.0,2.5) mode=control phase=2 lead=0 8s
t=526 n=161 buckets=255 bestD=100000 pos=(-986,1026) v=(4.0,1.9) mode=control phase=2 lead=0 9s
t=528 n=128 buckets=282 bestD=100000 pos=(-978,1029) v=(4.0,1.4) mode=control phase=2 lead=0 10s
t=530 n=103 buckets=255 bestD=100000 pos=(-970,1031) v=(4.0,0.8) mode=control phase=2 lead=0 12s
t=532 n=103 buckets=174 bestD=100000 pos=(-962,1032) v=(4.0,0.3) mode=control phase=2 lead=0 12s
t=534 n=225 buckets=357 bestD=100000 pos=(-954,1032) v=(4.0,-0.3) mode=control phase=2 lead=0 13s
t=536 n=288 buckets=501 bestD=100004 pos=(-945,1032) v=(3.5,0.0) mode=control phase=2 lead=0 15s
t=538 n=236 buckets=528 bestD=100003 pos=(-942,1030) v=(3.8,-0.6) mode=control phase=2 lead=0 18s
t=540 n=243 buckets=546 bestD=100002 pos=(-934,1028) v=(3.8,-1.2) mode=control phase=2 lead=0 20s
t=542 n=249 buckets=672 bestD=100002 pos=(-926,1025) v=(3.8,-1.7) mode=control phase=2 lead=0 23s
t=544 n=303 buckets=636 bestD=100002 pos=(-919,1021) v=(3.8,-2.3) mode=control phase=2 lead=0 25s
t=546 n=360 buckets=642 bestD=100002 pos=(-911,1016) v=(3.8,-2.8) mode=control phase=2 lead=0 28s
t=548 n=335 buckets=717 bestD=100002 pos=(-904,1009) v=(3.8,-3.4) mode=control phase=2 lead=0 31s
t=550 n=431 buckets=813 bestD=100001 pos=(-897,1001) v=(3.8,-3.9) mode=control phase=2 lead=0 34s
t=552 n=402 buckets=753 bestD=100001 pos=(-889,993) v=(3.8,-4.5) mode=control phase=2 lead=0 38s
t=554 n=465 buckets=822 bestD=100001 pos=(-881,983) v=(3.8,-5.1) mode=control phase=2 lead=0 41s
t=556 n=519 buckets=888 bestD=100001 pos=(-875,972) v=(4.0,-5.6) mode=control phase=2 lead=0 46s
t=558 n=600 buckets=1002 bestD=100000 pos=(-867,960) v=(4.0,-6.2) mode=control phase=2 lead=0 51s
t=560 n=600 buckets=1194 bestD=100000 pos=(-859,947) v=(4.0,-6.7) mode=control phase=2 lead=0 56s
t=562 n=571 buckets=1137 bestD=100000 pos=(-851,932) v=(4.0,-7.3) mode=control phase=2 lead=0 62s
t=564 n=600 buckets=1068 bestD=100000 pos=(-843,917) v=(4.0,-7.8) mode=control phase=2 lead=0 67s
BOOST at 566 pos -838.4 909.9 v 6.82 4.18
t=566 n=600 buckets=1305 bestD=10716 pos=(-837,910) v=(7.5,2.9) mode=control phase=2 lead=0 72s
t=568 n=589 buckets=1269 bestD=10711 pos=(-823,923) v=(7.5,6.4) mode=control phase=2 lead=0 78s
t=570 n=600 buckets=1242 bestD=10696 pos=(-808,935) v=(7.5,5.8) mode=control phase=2 lead=0 83s
t=572 n=600 buckets=1182 bestD=10681 pos=(-793,946) v=(7.5,5.3) mode=control phase=2 lead=0 88s
t=574 n=527 buckets=1044 bestD=10666 pos=(-778,956) v=(7.5,4.7) mode=control phase=2 lead=0 93s
t=576 n=600 buckets=1374 bestD=10651 pos=(-763,964) v=(7.5,4.2) mode=control phase=2 lead=0 98s
t=578 n=600 buckets=1266 bestD=10636 pos=(-748,972) v=(7.5,3.6) mode=control phase=2 lead=0 104s
t=580 n=600 buckets=1188 bestD=10621 pos=(-733,978) v=(7.5,3.1) mode=control phase=2 lead=0 109s
t=582 n=600 buckets=1263 bestD=10606 pos=(-718,984) v=(7.5,2.5) mode=control phase=2 lead=0 114s
t=584 n=529 buckets=1302 bestD=10591 pos=(-703,988) v=(7.5,1.9) mode=control phase=2 lead=0 120s
t=586 n=598 buckets=1152 bestD=10577 pos=(-688,991) v=(7.5,1.4) mode=control phase=2 lead=0 124s
t=588 n=600 buckets=1233 bestD=10562 pos=(-673,993) v=(7.5,0.8) mode=control phase=2 lead=0 130s
t=590 n=600 buckets=1281 bestD=10547 pos=(-659,994) v=(7.5,0.3) mode=control phase=2 lead=0 135s
t=592 n=600 buckets=1329 bestD=10532 pos=(-644,993) v=(7.5,-0.3) mode=control phase=2 lead=0 141s
t=594 n=600 buckets=1326 bestD=10517 pos=(-629,992) v=(7.5,-0.8) mode=control phase=2 lead=0 146s
t=596 n=600 buckets=1299 bestD=10502 pos=(-614,989) v=(7.5,-1.4) mode=control phase=2 lead=0 152s
t=598 n=600 buckets=1170 bestD=10487 pos=(-599,986) v=(7.5,-1.9) mode=control phase=2 lead=0 157s
t=600 n=600 buckets=1296 bestD=10472 pos=(-584,981) v=(7.5,-2.5) mode=control phase=2 lead=0 164s
t=602 n=600 buckets=1269 bestD=10457 pos=(-569,975) v=(7.5,-3.1) mode=control phase=2 lead=0 169s
t=604 n=600 buckets=1206 bestD=10442 pos=(-554,968) v=(7.5,-3.6) mode=control phase=2 lead=0 174s
t=606 n=600 buckets=1386 bestD=10427 pos=(-539,960) v=(7.5,-4.2) mode=control phase=2 lead=0 180s
t=608 n=600 buckets=1242 bestD=10413 pos=(-524,951) v=(7.5,-4.7) mode=control phase=2 lead=0 185s
t=610 n=596 buckets=999 bestD=10398 pos=(-509,941) v=(7.5,-5.3) mode=control phase=2 lead=0 190s
t=612 n=600 buckets=1242 bestD=10403 pos=(-507,929) v=(7.0,-5.8) mode=control phase=2 lead=0 196s
t=614 n=600 buckets=1581 bestD=10441 pos=(-536,985) v=(6.3,1.9) mode=control phase=2 lead=0 202s
t=616 n=573 buckets=1482 bestD=10428 pos=(-523,988) v=(6.3,1.4) mode=control phase=2 lead=0 208s
t=618 n=480 buckets=1521 bestD=10416 pos=(-510,990) v=(6.3,0.8) mode=control phase=2 lead=0 213s
t=620 n=600 buckets=1506 bestD=10393 pos=(-498,1009) v=(6.3,3.8) mode=control phase=2 lead=0 218s
t=622 n=600 buckets=1545 bestD=10380 pos=(-485,1014) v=(6.3,2.9) mode=control phase=2 lead=0 224s
t=624 n=600 buckets=1323 bestD=10368 pos=(-473,1021) v=(6.3,3.7) mode=control phase=2 lead=0 230s
